[    0.000000] Initializing cgroup subsys cpuset
[    0.000000] Initializing cgroup subsys cpu
[    0.000000] Initializing cgroup subsys cpuacct
[    0.000000] Linux version 4.4.0-137-generic (buildd@lgw01-amd64-037) (gcc version 5.4.0 20160609 (Ubuntu 5.4.0-6ubuntu1~16.04.10) ) #163-Ubuntu SMP Mon Sep 24 13:14:43 UTC 2018 (Ubuntu 4.4.0-137.163-generic 4.4.144)
[    0.000000] Command line: BOOT_IMAGE=/boot/vmlinuz-4.4.0-137-generic root=LABEL=cloudimg-rootfs ro console=tty1 console=ttyS0
[    0.000000] KERNEL supported cpus:
[    0.000000]   Intel GenuineIntel
[    0.000000]   AMD AuthenticAMD
[    0.000000]   Centaur CentaurHauls
[    0.000000] x86/fpu: xstate_offset[2]:  576, xstate_sizes[2]:  256
[    0.000000] x86/fpu: Supporting XSAVE feature 0x01: 'x87 floating point registers'
[    0.000000] x86/fpu: Supporting XSAVE feature 0x02: 'SSE registers'
[    0.000000] x86/fpu: Supporting XSAVE feature 0x04: 'AVX registers'
[    0.000000] x86/fpu: Enabled xstate features 0x7, context size is 832 bytes, using 'standard' format.
[    0.000000] e820: BIOS-provided physical RAM map:
[    0.000000] BIOS-e820: [mem 0x0000000000000000-0x000000000009fbff] usable
[    0.000000] BIOS-e820: [mem 0x000000000009fc00-0x000000000009ffff] reserved
[    0.000000] BIOS-e820: [mem 0x00000000000f0000-0x00000000000fffff] reserved
[    0.000000] BIOS-e820: [mem 0x0000000000100000-0x000000003ffeffff] usable
[    0.000000] BIOS-e820: [mem 0x000000003fff0000-0x000000003fffffff] ACPI data
[    0.000000] BIOS-e820: [mem 0x00000000fec00000-0x00000000fec00fff] reserved
[    0.000000] BIOS-e820: [mem 0x00000000fee00000-0x00000000fee00fff] reserved
[    0.000000] BIOS-e820: [mem 0x00000000fffc0000-0x00000000ffffffff] reserved
[    0.000000] NX (Execute Disable) protection: active
[    0.000000] SMBIOS 2.5 present.
[    0.000000] Hypervisor detected: KVM
[    0.000000] e820: last_pfn = 0x3fff0 max_arch_pfn = 0x400000000
[    0.000000] MTRR: Disabled
[    0.000000] x86/PAT: MTRRs disabled, skipping PAT initialization too.
[    0.000000] CPU MTRRs all blank - virtualized system.
[    0.000000] x86/PAT: Configuration [0-7]: WB  WT  UC- UC  WB  WT  UC- UC  
[    0.000000] found SMP MP-table at [mem 0x0009fff0-0x0009ffff] mapped at [ffff88000009fff0]
[    0.000000] Scanning 1 areas for low memory corruption
[    0.000000] RAMDISK: [mem 0x3630a000-0x3717cfff]
[    0.000000] ACPI: Early table checksum verification disabled
[    0.000000] ACPI: RSDP 0x00000000000E0000 000024 (v02 VBOX  )
[    0.000000] ACPI: XSDT 0x000000003FFF0030 00003C (v01 VBOX   VBOXXSDT 00000001 ASL  00000061)
[    0.000000] ACPI: FACP 0x000000003FFF00F0 0000F4 (v04 VBOX   VBOXFACP 00000001 ASL  00000061)
[    0.000000] ACPI: DSDT 0x000000003FFF0470 0021FF (v02 VBOX   VBOXBIOS 00000002 INTL 20160108)
[    0.000000] ACPI: FACS 0x000000003FFF0200 000040
[    0.000000] ACPI: FACS 0x000000003FFF0200 000040
[    0.000000] ACPI: APIC 0x000000003FFF0240 00005C (v02 VBOX   VBOXAPIC 00000001 ASL  00000061)
[    0.000000] ACPI: SSDT 0x000000003FFF02A0 0001CC (v01 VBOX   VBOXCPUT 00000002 INTL 20160108)
[    0.000000] No NUMA configuration found
[    0.000000] Faking a node at [mem 0x0000000000000000-0x000000003ffeffff]
[    0.000000] NODE_DATA(0) allocated [mem 0x3ffeb000-0x3ffeffff]
[    0.000000] kvm-clock: Using msrs 4b564d01 and 4b564d00
[    0.000000] kvm-clock: cpu 0, msr 0:3ffe3001, primary cpu clock
[    0.000000] kvm-clock: using sched offset of 3274526579 cycles
[    0.000000] clocksource: kvm-clock: mask: 0xffffffffffffffff max_cycles: 0x1cd42e4dffb, max_idle_ns: 881590591483 ns
[    0.000000] Zone ranges:
[    0.000000]   DMA      [mem 0x0000000000001000-0x0000000000ffffff]
[    0.000000]   DMA32    [mem 0x0000000001000000-0x000000003ffeffff]
[    0.000000]   Normal   empty
[    0.000000]   Device   empty
[    0.000000] Movable zone start for each node
[    0.000000] Early memory node ranges
[    0.000000]   node   0: [mem 0x0000000000001000-0x000000000009efff]
[    0.000000]   node   0: [mem 0x0000000000100000-0x000000003ffeffff]
[    0.000000] Initmem setup node 0 [mem 0x0000000000001000-0x000000003ffeffff]
[    0.000000] ACPI: PM-Timer IO Port: 0x4008
[    0.000000] IOAPIC[0]: apic_id 2, version 32, address 0xfec00000, GSI 0-23
[    0.000000] ACPI: INT_SRC_OVR (bus 0 bus_irq 0 global_irq 2 dfl dfl)
[    0.000000] ACPI: INT_SRC_OVR (bus 0 bus_irq 9 global_irq 9 low level)
[    0.000000] Using ACPI (MADT) for SMP configuration information
[    0.000000] smpboot: Allowing 2 CPUs, 0 hotplug CPUs
[    0.000000] PM: Registered nosave memory: [mem 0x00000000-0x00000fff]
[    0.000000] PM: Registered nosave memory: [mem 0x0009f000-0x0009ffff]
[    0.000000] PM: Registered nosave memory: [mem 0x000a0000-0x000effff]
[    0.000000] PM: Registered nosave memory: [mem 0x000f0000-0x000fffff]
[    0.000000] e820: [mem 0x40000000-0xfebfffff] available for PCI devices
[    0.000000] Booting paravirtualized kernel on KVM
[    0.000000] clocksource: refined-jiffies: mask: 0xffffffff max_cycles: 0xffffffff, max_idle_ns: 7645519600211568 ns
[    0.000000] setup_percpu: NR_CPUS:512 nr_cpumask_bits:512 nr_cpu_ids:2 nr_node_ids:1
[    0.000000] PERCPU: Embedded 34 pages/cpu @ffff88003fc00000 s99608 r8192 d31464 u1048576
[    0.000000] PV qspinlock hash table entries: 256 (order: 0, 4096 bytes)
[    0.000000] Built 1 zonelists in Node order, mobility grouping on.  Total pages: 257912
[    0.000000] Policy zone: DMA32
[    0.000000] Kernel command line: BOOT_IMAGE=/boot/vmlinuz-4.4.0-137-generic root=LABEL=cloudimg-rootfs ro console=tty1 console=ttyS0
[    0.000000] PID hash table entries: 4096 (order: 3, 32768 bytes)
[    0.000000] Memory: 997708K/1048120K available (8555K kernel code, 1314K rwdata, 4004K rodata, 1528K init, 1316K bss, 50412K reserved, 0K cma-reserved)
[    0.000000] SLUB: HWalign=64, Order=0-3, MinObjects=0, CPUs=2, Nodes=1
[    0.000000] Kernel/User page tables isolation: enabled
[    0.000000] Hierarchical RCU implementation.
[    0.000000] 	Build-time adjustment of leaf fanout to 64.
[    0.000000] 	RCU restricting CPUs from NR_CPUS=512 to nr_cpu_ids=2.
[    0.000000] RCU: Adjusting geometry for rcu_fanout_leaf=64, nr_cpu_ids=2
[    0.000000] NR_IRQS:33024 nr_irqs:440 16
[    0.000000] Console: colour VGA+ 80x25
[    0.000000] console [tty1] enabled
[    0.000000] console [ttyS0] enabled
[    0.000000] tsc: Detected 2494.332 MHz processor
[    0.254913] Calibrating delay loop (skipped) preset value.. 4988.66 BogoMIPS (lpj=9977328)
[    0.256653] pid_max: default: 32768 minimum: 301
[    0.257576] ACPI: Core revision 20150930
[    0.259425] ACPI: 2 ACPI AML tables successfully acquired and loaded
[    0.260754] Security Framework initialized
[    0.261591] Yama: becoming mindful.
[    0.262379] AppArmor: AppArmor initialized
[    0.263298] Dentry cache hash table entries: 131072 (order: 8, 1048576 bytes)
[   265295] Inode-cache hash table entries: 65536 (order: 7, 524288 bytes)

[    0.306688] Mount-cache hash table entries: 2048 (order: 2, 16384 bytes)
[    0.308307] Mountpoint-cache hash table entries: 2048 (order: 2, 16384 bytes)
[    0.310168] Initializing cgroup subsys io
[    0.311237] Initializing cgroup subsys memory
[    0.312377] Initializing cgroup subsys devices
[    0.313467] Initializing cgroup subsys freezer
[    0.314579] Initializing cgroup subsys net_cls
[    0.315680] Initializing cgroup subsys perf_event
[    0.322154] Initializing cgroup subsys net_prio
[    0.323310] Initializing cgroup subsys hugetlb
[    0.324455] Initializing cgroup subsys pids
[    0.325680] mce: CPU supports 0 MCE banks
[    0.326762] Last level iTLB entries: 4KB 512, 2MB 8, 4MB 8
[    0.328115] Last level dTLB entries: 4KB 512, 2MB 32, 4MB 32, 1GB 0
[    0.329610] Spectre V2 : Mitigation: Full generic retpoline
[    0.330956] Spectre V2 : Spectre v2 mitigation: Speculation control IBPB not-supported IBRS not-supported
[    0.332965] Spectre V2 : Spectre v2 / SpectreRSB mitigation: Filling RSB on context switch
[    0.334902] Speculative Store Bypass: Vulnerable
[    0.338630] Freeing SMP alternatives memory: 32K
[    0.348579] ftrace: allocating 32265 entries in 127 pages
[    0.407935] smpboot: APIC(0) Converting physical 0 to logical package 0
[    0.409230] smpboot: Max logical packages: 1
[    0.410398] x2apic enabled
[    0.411269] Switched APIC routing to physical x2apic.
[    0.413379] ..TIMER: vector=0x30 apic1=0 pin1=2 apic2=-1 pin2=-1
[    0.522060] smpboot: CPU0: Intel(R) Core(TM) i5-2520M CPU @ 2.50GHz (family: 0x6, model: 0x2a, stepping: 0x7)
[    0.536033] Performance Events: unsupported p6 CPU model 42 no PMU driver, software events only.
[    0.537900] KVM setup paravirtual spinlock
[    0.539475] x86: Booting SMP configuration:
[    0.540357] .... node  #0, CPUs:      #1
[    0.541301] kvm-clock: cpu 1, msr 0:3ffe3041, secondary cpu clock
[    0.542523] mce: CPU supports 0 MCE banks
[    0.545279] x86: Booted up 1 node, 2 CPUs
[    0.546378] smpboot: Total of 2 processors activated (9977.32 BogoMIPS)
[    0.547965] devtmpfs: initialized
[    0.550372] evm: security.selinux
[    0.551104] evm: security.SMACK64
[    0.551853] evm: security.SMACK64EXEC
[    0.552689] evm: security.SMACK64TRANSMUTE
[    0.553549] evm: security.SMACK64MMAP
[    0.554352] evm: security.ima
[    0.555030] evm: security.capability
[    0.556051] clocksource: jiffies: mask: 0xffffffff max_cycles: 0xffffffff, max_idle_ns: 7645041785100000 ns
[    0.557923] futex hash table entries: 512 (order: 3, 32768 bytes)
[    0.559256] pinctrl core: initialized pinctrl subsystem
[    0.560399] RTC time:  5:35:41, date: 10/23/18
[    0.561473] NET: Registered protocol family 16
[    0.574333] cpuidle: using governor ladder
[    0.598246] cpuidle: using governor menu
[    0.599109] PCCT header not found.
[    0.599922] ACPI: bus type PCI registered
[    0.601159] acpiphp: ACPI Hot Plug PCI Controller Driver version: 0.5
[    0.603318] PCI: Using configuration type 1 for base access
[    0.619541] ACPI: Added _OSI(Module Device)
[    0.621135] ACPI: Added _OSI(Processor Device)
[    0.622711] ACPI: Added _OSI(3.0 _SCP Extensions)
[    0.624363] ACPI: Added _OSI(Processor Aggregator Device)
[    0.628408] ACPI: Executed 1 blocks of module-level executable AML code
[    0.631908] ACPI: Interpreter enabled
[    0.632727] ACPI: (supports S0 S5)
[    0.633470] ACPI: Using IOAPIC for interrupt routing
[    0.634616] PCI: Using host bridge windows from ACPI; if necessary, use "pci=nocrs" and report a bug
[    0.640253] ACPI: PCI Root Bridge [PCI0] (domain 0000 [bus 00-ff])
[    0.641455] acpi PNP0A03:00: _OSC: OS supports [ASPM ClockPM Segments MSI]
[    0.642744] acpi PNP0A03:00: _OSC: not requesting OS control; OS requires [ExtendedConfig ASPM ClockPM MSI]
[    0.644605] acpi PNP0A03:00: fail to add MMCONFIG information, can't access extended PCI configuration space under this bridge.
[    0.647024] PCI host bridge to bus 0000:00
[    0.647871] pci_bus 0000:00: root bus resource [io  0x0000-0x0cf7 window]
[    0.649103] pci_bus 0000:00: root bus resource [io  0x0d00-0xffff window]
[    0.650345] pci_bus 0000:00: root bus resource [mem 0x000a0000-0x000bffff window]
[    0.651864] pci_bus 0000:00: root bus resource [mem 0x40000000-0xfdffffff window]
[    0.653387] pci_bus 0000:00: root bus resource [bus 00-ff]
[    0.656218] pci 0000:00:01.1: legacy IDE quirk: reg 0x10: [io  0x01f0-0x01f7]
[    0.657489] pci 0000:00:01.1: legacy IDE quirk: reg 0x14: [io  0x03f6]
[    0.658690] pci 0000:00:01.1: legacy IDE quirk: reg 0x18: [io  0x0170-0x0177]
[    0.659960] pci 0000:00:01.1: legacy IDE quirk: reg 0x1c: [io  0x0376]
[    0.694939] pci 0000:00:07.0: quirk: [io  0x4000-0x403f] claimed by PIIX4 ACPI
[    0.696898] pci 0000:00:07.0: quirk: [io  0x4100-0x410f] claimed by PIIX4 SMB
[    0.715227] ACPI: PCI Interrupt Link [LNKA] (IRQs 5 9 10 *11)
[    0.723663] ACPI: PCI Interrupt Link [LNKB] (IRQs 5 9 *10 11)
[    0.725601] ACPI: PCI Interrupt Link [LNKC] (IRQs 5 *9 10 11)
[    0.727497] ACPI: PCI Interrupt Link [LNKD] (IRQs 5 9 10 *11)
[    0.739976] ACPI: Enabled 2 GPEs in block 00 to 07
[    0.741375] vgaarb: setting as boot device: PCI:0000:00:02.0
[    0.742451] vgaarb: device added: PCI:0000:00:02.0,decodes=io+mem,owns=io+mem,locks=none
[    0.744077] vgaarb: loaded
[    0.744727] vgaarb: bridge control possible 0000:00:02.0
[    0.746050] SCSI subsystem initialized
[    0.746990] ACPI: bus type USB registered
[    0.747845] usbcore: registered new interface driver usbfs
[    0.748904] usbcore: registered new interface driver hub
[    0.750001] usbcore: registered new device driver usb
[    0.751763] PCI: Using ACPI for IRQ routing
[    0.753008] NetLabel: Initializing
[    0.753764] NetLabel:  domain hash size = 128
[    0.754639] NetLabel:  protocols = UNLABELED CIPSOv4
[    0.755625] NetLabel:  unlabeled traffic allowed by default
[    0.756838] amd_nb: Cannot enumerate AMD northbridges
[    0.757852] clocksource: Switched to clocksource kvm-clock
[    0.766228] AppArmor: AppArmor Filesystem Enabled
[    0.767306] pnp: PnP ACPI init
[    0.768850] pnp: PnP ACPI: found 3 devices
[    0.779328] clocksource: acpi_pm: mask: 0xffffff max_cycles: 0xffffff, max_idle_ns: 2085701024 ns
[    0.781116] NET: Registered protocol family 2
[    0.782197] TCP established hash table entries: 8192 (order: 4, 65536 bytes)
[    0.783481] TCP bind hash table entries: 8192 (order: 5, 131072 bytes)
[    0.784683] TCP: Hash tables configured (established 8192 bind 8192)
[    0.785933] UDP hash table entries: 512 (order: 2, 16384 bytes)
[    0.787043] UDP-Lite hash table entries: 512 (order: 2, 16384 bytes)
[    0.788251] NET: Registered protocol family 1
[    0.789144] pci 0000:00:00.0: Limiting direct PCI/PCI transfers
[    0.790284] pci 0000:00:01.0: Activating ISA DMA hang workarounds
[    0.791632] Unpacking initramfs...
[    1.011474] Freeing initrd memory: 14796K
[    1.056536] RAPL PMU detected, API unit is 2^-32 Joules, 3 fixed counters 10737418240 ms ovfl timer
[    1.058298] hw unit of domain pp0-core 2^-0 Joules
[    1.059303] hw unit of domain package 2^-0 Joules
[    1.060241] hw unit of domain pp1-gpu 2^-0 Joules
[    1.061246] platform rtc_cmos: registered platform RTC device (no PNP device found)
[    1.062918] Scanning for low memory corruption every 60 seconds
[    1.064458] audit: initializing netlink subsys (disabled)
[    1.065550] audit: type=2000 audit(1540272946.241:1): initialized
[    1.067021] Initialise system trusted keyring
[    1.068279] HugeTLB registered 2 MB page size, pre-allocated 0 pages
[    1.070935] zbud: loaded
[    1.071950] VFS: Disk quotas dquot_6.6.0
[    1.072828] VFS: Dquot-cache hash table entries: 512 (order 0, 4096 bytes)
[    1.074370] squashfs: version 4.0 (2009/01/31) Phillip Lougher
[    1.075778] fuse init (API version 7.23)
[    1.076748] Key type big_key registered
[    1.077585] Allocating IMA MOK and blacklist keyrings.
[    1.080000] Key type asymmetric registered
[    1.080870] Asymmetric key parser 'x509' registered
[    1.081865] Block layer SCSI generic (bsg) driver version 0.4 loaded (major 249)
[    1.083521] io scheduler noop registered
[    1.084365] io scheduler deadline registered (default)
[    1.085387] io scheduler cfq registered
[    1.086366] pci_hotplug: PCI Hot Plug PCI Core version: 0.5
[    1.087428] pciehp: PCI Express Hot Plug Controller Driver version: 0.4
[    1.088781] ACPI: AC Adapter [AC] (on-line)
[    1.089699] input: Power Button as /devices/LNXSYSTM:00/LNXPWRBN:00/input/input0
[    1.091280] ACPI: Power Button [PWRF]
[    1.092130] input: Sleep Button as /devices/LNXSYSTM:00/LNXSLPBN:00/input/input1
[    1.093652] ACPI: Sleep Button [SLPF]
[    1.094753] GHES: HEST is not enabled!
[    1.095647] Serial: 8250/16550 driver, 32 ports, IRQ sharing enabled
[    1.119125] 00:02: ttyS0 at I/O 0x3f8 (irq = 4, base_baud = 115200) is a 16550A
[    1.201889] Linux agpgart interface v0.103
[    1.210622] loop: module loaded
[    1.212070] scsi host0: ata_piix
[    1.212981] scsi host1: ata_piix
[    1.213744] ata1: PATA max UDMA/33 cmd 0x1f0 ctl 0x3f6 bmdma 0xd000 irq 14
[    1.215043] ata2: PATA max UDMA/33 cmd 0x170 ctl 0x376 bmdma 0xd008 irq 15
[    1.216469] libphy: Fixed MDIO Bus: probed
[    1.217402] tun: Universal TUN/TAP device driver, 1.6
[    1.218525] tun: (C) 1999-2004 Max Krasnyansky <maxk@qualcomm.com>
[    1.219786] PPP generic driver version 2.4.2
[    1.220784] ehci_hcd: USB 2.0 'Enhanced' Host Controller (EHCI) Driver
[    1.222012] ehci-pci: EHCI PCI platform driver
[    1.222913] ehci-platform: EHCI generic platform driver
[    1.223914] ohci_hcd: USB 1.1 'Open' Host Controller (OHCI) Driver
[    1.225102] ohci-pci: OHCI PCI platform driver
[    1.231411] ohci-platform: OHCI generic platform driver
[    1.232446] uhci_hcd: USB Universal Host Controller Interface driver
[    1.233678] i8042: PNP: PS/2 Controller [PNP0303:PS2K,PNP0f03:PS2M] at 0x60,0x64 irq 1,12
[    1.235851] serio: i8042 KBD port at 0x60,0x64 irq 1
[    1.236843] serio: i8042 AUX port at 0x60,0x64 irq 12
[    1.238112] mousedev: PS/2 mouse device common for all mice
[    1.239547] input: AT Translated Set 2 keyboard as /devices/platform/i8042/serio0/input/input2
[    1.241756] rtc_cmos rtc_cmos: rtc core: registered rtc_cmos as rtc0
[    1.243028] rtc_cmos rtc_cmos: alarms up to one day, 114 bytes nvram
[    1.244225] i2c /dev entries driver
[    1.245034] device-mapper: uevent: version 1.0.3
[    1.246099] device-mapper: ioctl: 4.34.0-ioctl (2015-10-28) initialised: dm-devel@redhat.com
[    1.247757] ledtrig-cpu: registered to indicate activity on CPUs
[    1.249382] NET: Registered protocol family 10
[    1.250577] NET: Registered protocol family 17
[    1.251504] Key type dns_resolver registered
[    1.252965] registered taskstats version 1
[    1.253840] Loading compiled-in X.509 certificates
[    1.255683] Loaded X.509 cert 'Build time autogenerated kernel key: 20acc96b50ca7641011eace69d32209215a9b56f'
[    1.257731] zswap: loaded using pool lzo/zbud
[    1.261486] Key type trusted registered
[    1.268924] Key type encrypted registered
[    1.270048] AppArmor: AppArmor sha1 policy hashing enabled
[    1.271366] ima: No TPM chip found, activating TPM-bypass!
[    1.272704] ima: Allocated hash algorithm: sha1
[    1.273852] evm: HMAC attrs: 0x1
[    1.275378]   Magic number: 6:311:568
[    1.276365] rtc_cmos rtc_cmos: setting system clock to 2018-10-23 05:35:42 UTC (1540272942)
[    1.278224] BIOS EDD facility v0.16 2004-Jun-25, 0 devices found
[    1.279360] EDD information not available.
[    1.374793] Freeing unused kernel memory: 1528K
[    1.379412] Write protecting the kernel read-only data: 14336k
[    1.385074] Freeing unused kernel memory: 1672K
[    1.386580] Freeing unused kernel memory: 92K
Loading, please wait...
starting version 229
[    1.409102] random: systemd-udevd: uninitialized urandom read (16 bytes read, 2 bits of entropy available)
[    1.410303] random: udevadm: uninitialized urandom read (16 bytes read, 2 bits of entropy available)
[    1.410342] random: udevadm: uninitialized urandom read (16 bytes read, 2 bits of entropy available)
[    1.415465] random: systemd-udevd: uninitialized urandom read (16 bytes read, 2 bits of entropy available)
[    1.419307] random: systemd-udevd: uninitialized urandom read (16 bytes read, 2 bits of entropy available)
[    1.421538] random: systemd-udevd: uninitialized urandom read (16 bytes read, 2 bits of entropy available)
[    1.424464] random: systemd-udevd: uninitialized urandom read (16 bytes read, 2 bits of entropy available)
[    1.426439] random: systemd-udevd: uninitialized urandom read (16 bytes read, 2 bits of entropy available)
[    1.428426] random: systemd-udevd: uninitialized urandom read (16 bytes read, 2 bits of entropy available)
[    1.429698] random: udevadm: uninitialized urandom read (16 bytes read, 2 bits of entropy available)
[    1.493416] e1000: Intel(R) PRO/1000 Network Driver - version 7.3.21-k8-NAPI
[    1.496016] e1000: Copyright (c) 1999-2006 Intel Corporation.
[    1.497230] Fusion MPT base driver 3.04.20
[    1.498353] Copyright (c) 1999-2008 LSI Corporation
[    1.505627] Fusion MPT SPI Host driver 3.04.20
[    1.523537] AVX version of gcm_enc/dec engaged.
[    1.526385] AES CTR mode by8 optimization enabled
[    1.721771] input: ImExPS/2 Generic Explorer Mouse as /devices/platform/i8042/serio1/input/input4
[    2.058283] tsc: Refined TSC clocksource calibration: 2492.694 MHz
[    2.067299] clocksource: tsc: mask: 0xffffffffffffffff max_cycles: 0x23ee43ebe42, max_idle_ns: 440795223340 ns
[    2.085630] e1000 0000:00:03.0 eth0: (PCI:33MHz:32-bit) 02:5a:4b:c7:3e:fa
[    2.087021] e1000 0000:00:03.0 eth0: Intel(R) PRO/1000 Network Connection
[    2.089303] mptbase: ioc0: Initiating bringup
[    2.658229] ioc0: LSI53C1030 A0: Capabilities={Initiator}
[    3.351844] scsi host2: ioc0: LSI53C1030 A0, FwRev=00000000h, Ports=1, MaxQ=256, IRQ=20
[    4.268848] scsi 2:0:0:0: Direct-Access     VBOX     HARDDISK         1.0  PQ: 0 ANSI: 5
[    4.273244] scsi target2:0:0: Beginning Domain Validation
[    4.278211] scsi target2:0:0: Domain Validation skipping write tests
[    4.280468] scsi target2:0:0: Ending Domain Validation
[    4.282414] scsi target2:0:0: asynchronous
[    4.283919] scsi 2:0:1:0: Direct-Access     VBOX     HARDDISK         1.0  PQ: 0 ANSI: 5
[    4.295317] scsi target2:0:1: Beginning Domain Validation
[    4.297576] scsi target2:0:1: Domain Validation skipping write tests
[    4.299122] scsi target2:0:1: Ending Domain Validation
[    4.300458] scsi target2:0:1: asynchronous
[    4.354322] sd 2:0:0:0: Attached scsi generic sg0 type 0
[    4.355304] sd 2:0:0:0: [sda] 20971520 512-byte logical blocks: (10.7 GB/10.0 GiB)
[    4.355495] sd 2:0:0:0: [sda] Write Protect is off
[    4.355600] sd 2:0:0:0: [sda] Incomplete mode parameter data
[    4.355601] sd 2:0:0:0: [sda] Assuming drive cache: write through
[    4.386247] sd 2:0:1:0: Attached scsi generic sg1 type 0
[    4.388905] sd 2:0:1:0: [sdb] 20480 512-byte logical blocks: (10.5 MB/10.0 MiB)
[    4.393331]  sda: sda1
[    4.403180] sd 2:0:1:0: [sdb] Write Protect is off
[    4.409804] sd 2:0:1:0: [sdb] Incomplete mode parameter data
[    4.416961] sd 2:0:0:0: [sda] Attached SCSI disk
[    4.419460] sd 2:0:1:0: [sdb] Assuming drive cache: write through
[    4.423305] sd 2:0:1:0: [sdb] Attached SCSI disk
[    4.661505] e1000 0000:00:08.0 eth1: (PCI:33MHz:32-bit) 08:00:27:47:01:96
[    4.662828] e1000 0000:00:08.0 eth1: Intel(R) PRO/1000 Network Connection
[    4.665132] e1000 0000:00:03.0 enp0s3: renamed from eth0
[    4.678711] e1000 0000:00:08.0 enp0s8: renamed from eth1
Begin: Loading e[    6.093220] md: linear personality registered for level -1
ssential drivers ... [    6.119612] md: multipath personality registered for level -4
[    6.125055] md: raid0 personality registered for level 0
[    6.131029] md: raid1 personality registered for level 1
[    6.206042] raid6: sse2x1   gen()  7508 MB/s
[    6.273910] raid6: sse2x1   xor()  5920 MB/s
[    6.341938] raid6: sse2x2   gen()  8108 MB/s
[    6.413893] raid6: sse2x2   xor()  7296 MB/s
[    6.485957] raid6: sse2x4   gen()  7471 MB/s
[    6.553965] raid6: sse2x4   xor()  5525 MB/s
[    6.555270] raid6: using algorithm sse2x2 gen() 8108 MB/s
[    6.562043] raid6: .... xor() 7296 MB/s, rmw enabled
[    6.568550] raid6: using ssse3x2 recovery algorithm
[    6.571576] xor: automatically using best checksumming function:
[    6.655282]    avx       : 40279.000 MB/sec
[    6.678377] async_tx: api initialized (async)
[    6.689677] md: raid6 personality registered for level 6
[    6.694155] md: raid5 personality registered for level 5
[    6.695568] md: raid4 personality registered for level 4
[    6.705597] md: raid10 personality registered for level 10
done.
Begin: Running /scripts/init-premount ... done.
Begin: Mounting root file system ... Begin: Running /scripts/local-top ... done.
Begin: Running /scripts/local-premount ... [    6.772024] Btrfs loaded
Scanning for Btrfs filesystems
done.
Warning: fsck no[    6.853433] EXT4-fs (sda1): INFO: recovery required on readonly filesystem
t present, so skipping root file system
[    6.920348] EXT4-fs (sda1): write access will be enabled during recovery
[    7.045097] EXT4-fs (sda1): orphan cleanup on readonly fs
[    7.072850] EXT4-fs (sda1): 6 orphan inodes deleted
[    7.085745] EXT4-fs (sda1): recovery complete
[    7.088790] EXT4-fs (sda1): mounted filesystem with ordered data mode. Opts: (null)
done.
Begin: Running /scripts/local-bottom ... done.
Begin: Running /scripts/init-bottom ... done.
[    7.283353] systemd[1]: systemd 229 running in system mode. (+PAM +AUDIT +SELINUX +IMA +APPARMOR +SMACK +SYSVINIT +UTMP +LIBCRYPTSETUP +GCRYPT +GNUTLS +ACL +XZ -LZ4 +SECCOMP +BLKID +ELFUTILS +KMOD -IDN)
[    7.378064] systemd[1]: Detected virtualization oracle.
[    7.379370] systemd[1]: Detected architecture x86-64.

Welcome to [1mUbuntu 16.04.5 LTS[0m!

[    7.400176] systemd[1]: Set hostname to <ubuntu-xenial>.
[    7.640074] systemd[1]: Listening on LVM2 poll daemon socket.
[[0;32m  OK  [0m] Listening on LVM2 poll daemon socket.
[    7.666490] systemd[1]: Listening on udev Control Socket.
[[0;32m  OK  [0m] Listening on udev Control Socket.
[    7.680017] systemd[1]: Listening on udev Kernel Socket.
[[0;32m  OK  [0m] Listening on udev Kernel Socket.
[    7.683906] systemd[1]: Reached target System Time Synchronized.
[[0;32m  OK  [0m] Reached target System Time Synchronized.
[    7.689420] systemd[1]: Reached target User and Group Name Lookups.
[[0;32m  OK  [0m] Reached target User and Group Name Lookups.
[    7.707117] systemd[1]: Set up automount Arbitrary Executable File Formats File System Automount Point.
[[0;32m  OK  [0m] Set up automount Arbitrary Executab...ats File System Automount Point.
[    7.734436] systemd[1]: Listening on Journal Audit Socket.
[[0;32m  OK  [0m] Listening on Journal Audit Socket.
[    7.761760] systemd[1]: Reached target Swap.
[[0;32m  OK  [0m] Reached target Swap.
[    7.802296] systemd[1]: Started Trigger resolvconf update for networkd DNS.
[[0;32m  OK  [0m] Started Trigger resolvconf update for networkd DNS.
[    7.818239] systemd[1]: Started Forward Password Requests to Wall Directory Watch.
[[0;32m  OK  [0m] Started Forward Password Requests to Wall Directory Watch.
[    7.835475] systemd[1]: Listening on /dev/initctl Compatibility Named Pipe.
[[0;32m  OK  [0m] Listening on /dev/initctl Compatibility Named Pipe.
[    7.891747] systemd[1]: Created slice System Slice.
[[0;32m  OK  [0m] Created slice System Slice.
[    7.918148] systemd[1]: Created slice system-serial\x2dgetty.slice.
[[0;32m  OK  [0m] Created slice system-serial\x2dgetty.slice.
[    7.936347] systemd[1]: Reached target Encrypted Volumes.
[[0;32m  OK  [0m] Reached target Encrypted Volumes.
[    7.963809] systemd[1]: Listening on LVM2 metadata daemon socket.
[[0;32m  OK  [0m] Listening on LVM2 metadata daemon socket.
[    7.966823] systemd[1]: Listening on Device-mapper event daemon FIFOs.
[[0;32m  OK  [0m] Listening on Device-mapper event daemon FIFOs.
[    7.970206] systemd[1]: Listening on Journal Socket.
[[0;32m  OK  [0m] Listening on Journal Socket.
[    8.012081] systemd[1]: Starting Uncomplicated firewall...
         Starting Uncomplicated firewall...
[    8.026716] systemd[1]: Mounting POSIX Message Queue File System...
         Mounting POSIX Message Queue File System...
[    8.063968] systemd[1]: Starting Remount Root and Kernel File Systems...
         Starting Remount Root a[    8.068918] EXT4-fs (sda1): re-mounted. Opts: (null)
nd Kernel File Systems...
[    8.108006] systemd[1]: Mounting Debug File System...
         Mounting Debug File System...
[    8.128856] systemd[1]: Starting Create list of required static device nodes for the current kernel...
         Starting Create list of required st... nodes for the current kernel...
[    8.166184] systemd[1]: Starting Nameserver information manager...
         Starting Nameserver information manager...
[    8.206428] systemd[1]: Starting Monitoring of LVM2 mirrors, snapshots etc. using dmeventd or progress polling...
         Starting Monitoring of LVM2 mirrors... dmeventd or progress polling...
[    8.217928] systemd[1]: Mounting Huge Pages File System...
         Mounting Huge Pages File System...
[    8.227906] systemd[1]: Created slice User and Session Slice.
[[0;32m  OK  [0m] Created slice User and Session Slice.
[    8.231990] systemd[1]: Reached target Slices.
[[0;32m  OK  [0m] Reached target Slices.
[    8.235110] systemd[1]: Starting Set console keymap...
         Starting Set console keymap...
[    8.237869] systemd[1]: Listening on Syslog Socket.
[[0;32m  OK  [0m] Listening on Syslog Socket.
[    8.294509] systemd[1]: Starting Load Kernel Modules...
         Starting Load Kernel Modules...
[    8.311473] systemd[1]: Listening on Journal Socket (/dev/log).
[[0;32m  OK  [[    8.321152] Loading iSCSI transport class v2.0-870.
0m] Listening on Journal Socket (/dev/log).
[    8.333682] systemd[1]: Starting Journal Service...
         Starting Journal Service...
[    8.352144] systemd[1]: Mounted POSIX Message Queue File System.
[[0;32m  OK  [0m] Mounted POSIX Message Queue File System.
[    8.357673] systemd[1]: Mounted Debug File System.
[[0;32m  OK  [0m] Mounted Debug File System.
[    8.364502] systemd[1]: Mounted Huge Pages File System.
[[0;32m  OK  [0m] Mounted Huge Pages File System.
[    8.391788] systemd[1]: Started Uncomplicated firewall.
[[0;32m  OK  [0m] Started Uncomplicated firewall.
[    8.403827] iscsi: registered transport (tcp)
[    8.408012] systemd[1]: Started Remount Root and Kernel File Systems.
[[0;32m  OK  [0m] Started Remount Root and Kernel File Systems.
[    8.432150] systemd[1]: Started Create list of required static device nodes for the current kernel.
[[0;32m  OK  [0m] Started Create list of required sta...ce nodes for the current kernel.
[    8.455758] systemd[1]: Started Set console keymap.
[[0;32m  OK  [0m] Started Set console keymap.
[    8.466017] systemd[1]: Started Journal Service.
[[0;32m  OK  [0m] Started Journal Service.
[    8.478594] iscsi: registered transport (iser)
[[0;32m  OK  [0m] Started Nameserv[    8.488413] random: nonblocking pool is initialized
er information manager.
[[0;32m  OK  [0m] Started Load Kernel Modules.
[[0;32m  OK  [0m] Started LVM2 metadata daemon.
         Starting Apply Kernel Variables...
         Mounting FUSE Control File System...
         Starting Create Static Device Nodes in /dev...
         Starting Flush Journal to Persistent Storage...
         Starting Load/Save Random Seed...
         Starting udev Coldplug all Devices...
[[0;32m  OK  [0m] Mounted FUSE Control File System.
[[0;32m  OK  [0m] Started Apply Kernel Variables.
[[0;32m  OK  [0m] Started Create Static Device Nodes in /dev.
[[0;32m  OK  [0m] Started Load/Save Random Seed.
[[0;32m  OK  [0m] Started Flush Journal to Persistent Storage.
[[0;32m  OK  [0m] Started udev Coldplug all Devices.
[[0;32m  OK  [0m] Started Monitoring of LVM2 mirrors,...ng dmeventd or progress polling.
         Starting udev Kernel Device Manager...
[[0;32m  OK  [0m] Started udev Kernel Device Manager.
[[0;32m  OK  [0m] Reached target Local File Systems (Pre).
[[0;32m  OK  [0m] Reached target Local File Systems.
         Starting Create Volatile Files and Directories...
         Starting Set console font and keymap...
         Starting LSB: AppArmor initialization...
         Starting Initial cloud-init job (pre-networking)...
         Starting Tell Plymouth To Write Out Runtime Data...
[[0;32m  OK  [0m] Started Dispatch Password Requests to Console Directory Watch.
[[0;32m  OK  [0m] Started Create Volatile Files and Directories.
[[0;32m  OK  [0m] Started Tell Plymouth To Write Out Runtime Data.
         Starting Update UTMP about System Boot/Shutdown...
[[0;32m  OK  [0m] Started Update UTMP about System Boot/Shutdown.
[[0;32m  OK  [0m] Started LSB: AppArmor initialization.
[[0;32m  OK  [0m] Found device /dev/ttyS0.
[[0;32m  OK  [0m] Listening on Load/Save RF Kill Switch Status /dev/rfkill Watch.
[[0;32m  OK  [0m] Found device 82540EM Gigabit Ethern...r (PRO/1000 MT Desktop Adapter).
[[0;32m  OK  [0m] Found device 82540EM Gigabit Ethern...r (PRO/1000 MT Desktop Adapter).
[[0;32m  OK  [0m] Started Set console font and keymap.
[[0;32m  OK  [0m] Created slice system-getty.slice.
[   10.237137] cloud-init[498]: Cloud-init v. 18.3-9-g2e62cb8a-0ubuntu1~16.04.2 running 'init-local' at Tue, 23 Oct 2018 05:35:51 +0000. Up 9.76 seconds.
[[0;32m  OK  [0m] Started Initial cloud-init job (pre-networking).
[[0;32m  OK  [0m] Reached target Network (Pre).
[[0;32m  OK  [0m] Started ifup for enp0s3.
         Starting Raise network interfaces...
[[0;32m  OK  [0m] Started ifup for enp0s8.
[[0;32m  OK  [0m] Started Raise network interfaces.
[[0;32m  OK  [0m] Reached target Network.
         Starting Initial cloud-init job (metadata service crawler)...
[   11.559516] cloud-init[1061]: Cloud-init v. 18.3-9-g2e62cb8a-0ubuntu1~16.04.2 running 'init' at Tue, 23 Oct 2018 05:35:52 +0000. Up 11.05 seconds.
[[0;32m  OK  [0m] Started Initial cloud-init job (metadata service crawler).
[   11.633503] cloud-init[1061]: ci-info: ++++++++++++++++++++++++++++++++++++++Net device info++++++++++++++++++++++++++++++++++++++[[0;32m  OK  [0m] Reached target Network is Online.

[   11.639744] cloud-init[1061]: ci-info: +--------+------+----------------------------+---------------+--------+-------------------+
[   11.672966] cloud-init[1061]: ci-info: | Device |  Up  |          Address           |      Mask     | Scope  |     Hw-Address    |
[   11.763907] cloud-init[1061]: ci-info: +--------+------+----------------------------+---------------+--------+-------------------+
         Starting iSCSI initiator daemon (iscsid)...
[[0;32m  OK  [0m] Reached target Cloud-config availability.
[[   11.788172] cloud-init[1061]: [0;32m  OK  [0mci-info: | enp0s3 | True |         10.0.2.15          | 255.255.255.0 | global | 02:5a:4b:c7:3e:fa |] 
Reached target System Initialization.
[   11.802466] cloud-init[1061]: ci-info: | enp0s3 | True | fe80::5a:4bff:fec7:3efa/64 |       .       |  link  | 02:5a:4b:c7:3e:fa |
[   11.802835] cloud-init[1061]: ci-info: | enp0s8 | True |       192.168.33.103       | 255.255.255.0 | global | 08:00:27:47:01:96 |
[   11.803271] cloud-init[1061]: ci-info: | enp0s8 | True | fe80::a00:27ff:fe47:196/64 |       .       |  link  | 08:00:27:47:01:96 |
[   11.803671] cloud-init[1061]: ci-info: |   lo   | True |         127.0.0.1          |   255.0.0.0   |  host  |         .         |
[   11.804160] cloud-init[1061]: ci-info: |   lo   | True |          ::1/128           |       .       |  host  |         .         |
[   11.804507] cloud-init[1061]: ci-info: +--------+------+----------------------------+---------------+--------+-------------------+
[   11.804914] cloud-init[1061]: ci-info: ++++++++++++++++++++++++++++Route IPv4 info++++++++++++++++++++++++++++
[   11.805322] cloud-init[1061]: ci-info: +-------+--------------+----------+---------------+-----------+-------+
[   11.805768] cloud-init[1061]: ci-info: | Route | Destination  | Gateway  |    Genmask    | Interface | Flags |
[[0;32m  OK  [0m] Listening on ACPID Listen Socket.
[   11.806176] cloud-init[1061]: ci-info: +-------+--------------+----------+---------------+-----------+-------+
[[0;32m  OK  [0m] Listening on UUID daemon activation socket.
[[0;32m  OK  [0m] Started Daily Cleanup of Temporary Directories.
[   11.969178] cloud-init[1061]: ci-info: |   0   |   0.0.0.0    | 10.0.2.2 |    0.0.0.0    |   enp0s3  |   UG  |
[[   12.018114] cloud-init[1061]: ci-info: |   1   |   10.0.2.0   | 0.0.0.0  | 255.255.255.0 |   enp0s3  |   U   |
[0;32m  OK  [0m] Started ACPI Events Check.
[   12.019032] cloud-init[1061]: ci-info: |   2   | 192.168.33.0 | 0.0.0.0  | 255.255.255.0 |   enp0s8  |   U   |
[   12.065819] cloud-init[1061]: ci-info: +-------+--------------+----------+---------------+-----------+-------+
[[0;32m  OK  [0m] Reached target Paths.
[   12.065942] cloud-init[1061]: ci-info: +++++++++++++++++++Route IPv6 info+++++++++++++++++++
[   12.193429] cloud-init[1061]: ci-info: +-------+-------------+---------+-----------+-------+
[[0;32m  OK  [0m] Started Daily apt download activities.
[   12.194266] cloud-init[1061]: ci-info: | Route | Destination | Gateway | Interface | Flags |
[   12.258827] cloud-init[1061]: ci-info: +-------+-------------+---------+-----------+-------+
[[0;32m  OK  [0m] Started Daily apt upgrade and clean activities.
[[   12.258970] cloud-init[1061]: ci-info: |   0   |  fe80::/64  |    ::   |   enp0s8  |   U   |
[0;32m  OK  [0m] Reached target Timers.
[   12.414257] cloud-init[1061]: ci-info: |   1   |  fe80::/64  |    ::   |   enp0s3  |   U   |
[   12.525252] cloud-init[1061]: ci-info: |   4   |   ff00::/8  |    ::   |   enp0s8  |   U   |
[   12.525644] cloud-init[1061]: ci-info: |   5   |   ff00::/8  |    ::   |   enp0s3  |   U   |
[   12.527143] cloud-init[1061]: ci-info: +-------+-------------+---------+-----------+-------+
         Starting LXD - unix socket.
[[0;32m  OK  [0m] Listening on D-Bus System Message Bus Socket.
         Starting Socket activation for snappy daemon.
[[0;32m  OK  [0m] Listening on LXD - unix socket.
[[0;32m  OK  [0m] Listening on Socket activation for snappy daemon.
[[0;32m  OK  [0m] Started iSCSI initiator daemon (iscsid).
         Starting Login to default iSCSI targets...
[[0;32m  OK  [0m] Reached target Sockets.
[[0;32m  OK  [0m] Reached target Basic System.
         Starting MySQL Community Server...
         Starting Login Service...
         Starting /etc/rc.local Compatibility...
         Starting LSB: MD monitoring daemon...
         Starting Accounts Service...
[[0;32m  OK  [0m] Started D-Bus System Message Bus.
[[0;32m  OK  [0m] Started Regular background program processing daemon.
         Starting Snappy daemon...
[[0;32m  OK  [0m] Started Unattended Upgrades Shutdown.
         Starting OpenBSD Secure Shell server...
[[0;32m  OK  [0m] Started Deferred execution scheduler.
[[0;32m  OK  [0m] Started FUSE filesystem for LXC.
         Starting Virtualbox guest utils...
         Starting LSB: Record successful boot for GRUB...
         Starting System Logging Service...
[[0;32m  OK  [0m] Started ACPI event daemon.
         Starting LXD - container startup/shutdown...
[[0;32m  OK  [0m] Started System Logging Service.
[[0;32m  OK  [0m] Started OpenBSD Secure Shell server.
[[0;32m  OK  [0m] Started /etc/rc.local Compatibility.
[[0;32m  OK  [0m] Started Login to default iSCSI targets.
[[0;32m  OK  [0m] Started LSB: MD monitoring daemon.
[[0;32m  OK  [0m] Started LXD - container startup/shutdown.
[[0;32m  OK  [0m] Started LSB: Record successful boot for GRUB.
[[0;32m  OK  [0m] Started Snappy daemon.
         Starting Authenticate and Authorize Users to Run Privileged Tasks...
         Starting Wait until snapd is fully seeded...
[[0;32m  OK  [0m] Reached target Remote File Systems (Pre).
[[0;32m  OK  [0m] Reached target Remote File Systems.
         Starting LSB: automatic crash report generation...
         Starting LSB: daemon to balance interrupts for SMP systems...
         Starting LSB: Apache2 web server...
         Starting Permit User Sessions...
         Starting LSB: Set the CPU Frequency Scaling governor to "ondemand"...
[[0;32m  OK  [0m] Started Virtualbox guest utils.
[[0;32m  OK  [0m] Started Wait until snapd is fully seeded.
[[0;32m  OK  [0m] Started Permit User Sessions.
[[0;32m  OK  [0m] Started Login Service.
[[0;32m  OK  [0m] Started Authenticate and Authorize Users to Run Privileged Tasks.
[[0;32m  OK  [0m] Started Accounts Service.
[[0;32m  OK  [0m] Created slice User Slice of vagrant.
[[0;32m  OK  [0m] Started Session 1 of user vagrant.
         Starting User Manager for UID 1000...
         Starting Terminate Plymouth Boot Screen...
         Starting Hold until boot process finishes up...
         Starting Apply the settings specified in cloud-config...
[[0;32m  OK  [0m] Started LSB: automatic crash report generation.
[[0;32m  OK  [0m] Started LSB: daemon to balance interrupts for SMP systems.
[[0;32m  OK  [0m] Started Terminate Plymouth Boot Screen.
[[0;32m  OK  [0m] Started Hold until boot process finishes up.
[[0;32m  OK  [0m] Started User Manager for UID 1000.
[[0;32m  OK  [0m] Started LSB: Set the CPU Frequency Scaling governor to "ondemand".
         Starting Set console scheme...
[[0;32m  OK  [0m] Started Serial Getty on ttyS0.
[[0;32m  OK  [0m] Started Getty on tty1.
[[0;32m  OK  [0m] Reached target Login Prompts.
[[0;32m  OK  [0m] Started Set console scheme.
[[0;32m  OK  [0m] Started MySQL Community Server.
[   15.476338] cloud-init[1343]: Cloud-init v. 18.3-9-g2e62cb8a-0ubuntu1~16.04.2 running 'modules:config' at Tue, 23 Oct 2018 05:35:56 +0000. Up 15.21 seconds.
[[0;32m  OK  [0m] Started Apply the settings specified in cloud-config.
[[0;32m  OK  [0m] Started LSB: Apache2 web server.
[[0;32m  OK  [0m] Reached target Multi-User System.
         Starting Execute cloud user/final scripts...
[[0;32m  OK  [0m] Reached target Graphical Interface.
         Starting Update UTMP about System Runlevel Changes...
[[0;32m  OK  [0m] Started Update UTMP about System Runlevel Changes.
[   16.766661] cloud-init[1460]: Cloud-init v. 18.3-9-g2e62cb8a-0ubuntu1~16.04.2 running 'modules:final' at Tue, 23 Oct 2018 05:35:58 +0000. Up 16.56 seconds.
[   16.774796] cloud-init[1460]: Cloud-init v. 18.3-9-g2e62cb8a-0ubuntu1~16.04.2 finished at Tue, 23 Oct 2018 05:35:58 +0000. Datasource DataSourceNoCloud [seed=/dev/sdb][dsmode=net].  Up 16.75 seconds
[[0;32m  OK  [0m] Started Execute cloud user/final scripts.
[[0;32m  OK  [0m] Reached target Cloud-init target.
         Starting Daily apt download activities...

Ubuntu 16.04.5 LTS ubuntu-xenial ttyS0

ubuntu-xenial login: 